Copyright 1986-2017 Xilinx, Inc. All Rights Reserved.
------------------------------------------------------------------------------------
| Tool Version : Vivado v.2017.4 (win64) Build 2086221 Fri Dec 15 20:55:39 MST 2017
| Date         : Fri May 26 21:53:30 2023
| Host         : ArtanisaxLEGION running 64-bit major release  (build 9200)
| Command      : report_control_sets -verbose -file cpu_top_control_sets_placed.rpt
| Design       : cpu_top
| Device       : xc7a100t
------------------------------------------------------------------------------------

Control Set Information

Table of Contents
-----------------
1. Summary
2. Flip-Flop Distribution
3. Detailed Control Set Information

1. Summary
----------

+----------------------------------------------------------+-------+
|                          Status                          | Count |
+----------------------------------------------------------+-------+
| Number of unique control sets                            |   101 |
| Unused register locations in slices containing registers |   149 |
+----------------------------------------------------------+-------+


2. Flip-Flop Distribution
-------------------------

+--------------+-----------------------+------------------------+-----------------+--------------+
| Clock Enable | Synchronous Set/Reset | Asynchronous Set/Reset | Total Registers | Total Slices |
+--------------+-----------------------+------------------------+-----------------+--------------+
| No           | No                    | No                     |              24 |           12 |
| No           | No                    | Yes                    |             239 |          113 |
| No           | Yes                   | No                     |              42 |           18 |
| Yes          | No                    | No                     |             121 |           37 |
| Yes          | No                    | Yes                    |            2031 |          751 |
| Yes          | Yes                   | No                     |              50 |           21 |
+--------------+-----------------------+------------------------+-----------------+--------------+


3. Detailed Control Set Information
-----------------------------------

+--------------------------------------------------+-------------------------------------------------------------------------------------------------------------------------------------+----------------------------------------------------------------------------------------------------------------------------------------------+------------------+----------------+
|                   Clock Signal                   |                                                            Enable Signal                                                            |                                                               Set/Reset Signal                                                               | Slice Load Count | Bel Load Count |
+--------------------------------------------------+-------------------------------------------------------------------------------------------------------------------------------------+----------------------------------------------------------------------------------------------------------------------------------------------+------------------+----------------+
|  uart_instance/uart_ip/inst/upg_inst/rdStat_BUFG | uart_instance/uart_ip/inst/upg_inst/upg_wen_o2_out                                                                                  | uart_rst_IBUF                                                                                                                                |                1 |              1 |
|  cpu_clk_instance/cpu_wiz_clock/inst/clk_23MHz   | io_instance/led_sign0                                                                                                               | rst_IBUF                                                                                                                                     |                1 |              1 |
|  cpu_clk_instance/cpu_wiz_clock/inst/clk_10MHz   | io_instance/sb_ack/state                                                                                                            | rst_IBUF                                                                                                                                     |                1 |              1 |
|  cpu_clk_instance/cpu_wiz_clock/inst/clk_10MHz   | uart_instance/uart_ip/inst/upg_inst/upg_done_o_i_1_n_0                                                                              | uart_rst_IBUF                                                                                                                                |                1 |              1 |
|  cpu_clk_instance/clka_BUFG                      |                                                                                                                                     |                                                                                                                                              |                2 |              2 |
|  cpu_clk_instance/seg_data_reg[31]_BUFG          |                                                                                                                                     |                                                                                                                                              |                2 |              2 |
|  uart_instance/uart_ip/inst/upg_inst/rdStat_BUFG |                                                                                                                                     | uart_rst_IBUF                                                                                                                                |                2 |              2 |
|  cpu_clk_instance/cpu_wiz_clock/inst/clk_10MHz   | uart_instance/uart_ip/inst/upg_inst/s_axi_wdata                                                                                     |                                                                                                                                              |                1 |              3 |
|  cpu_clk_instance/cpu_wiz_clock/inst/clk_10MHz   | uart_instance/uart_ip/inst/upg_inst/axi_uart_inst/U0/UARTLITE_CORE_I/BAUD_RATE_I/en_16x_Baud                                        |                                                                                                                                              |                2 |              4 |
|  cpu_clk_instance/cpu_wiz_clock/inst/clk_23MHz   | io_instance/addr[5]_i_1_n_0                                                                                                         |                                                                                                                                              |                1 |              4 |
|  cpu_clk_instance/cpu_wiz_clock/inst/clk_10MHz   | uart_instance/uart_ip/inst/upg_inst/axi_uart_inst/U0/AXI_LITE_IPIF_I/I_SLAVE_ATTACHMENT/start2                                      | uart_instance/uart_ip/inst/upg_inst/axi_uart_inst/U0/AXI_LITE_IPIF_I/I_SLAVE_ATTACHMENT/I_DECODER/cs_ce_clr                                  |                2 |              4 |
|  cpu_clk_instance/cpu_wiz_clock/inst/clk_10MHz   | io_instance/keyboard_instance/kb[15]_i_1_n_0                                                                                        | rst_IBUF                                                                                                                                     |                4 |              4 |
|  cpu_clk_instance/cpu_wiz_clock/inst/clk_10MHz   | io_instance/keyboard_instance/kb[11]_i_1_n_0                                                                                        | rst_IBUF                                                                                                                                     |                1 |              4 |
|  cpu_clk_instance/cpu_wiz_clock/inst/clk_10MHz   | io_instance/keyboard_instance/kb[7]_i_1_n_0                                                                                         | rst_IBUF                                                                                                                                     |                3 |              4 |
|  cpu_clk_instance/cpu_wiz_clock/inst/clk_10MHz   | io_instance/keyboard_instance/kb[3]_i_1_n_0                                                                                         | rst_IBUF                                                                                                                                     |                3 |              4 |
| ~cpu_clk_instance/cpu_wiz_clock/inst/clk_46MHz   |                                                                                                                                     | rst_IBUF                                                                                                                                     |                2 |              4 |
|  cpu_clk_instance/cpu_wiz_clock/inst/clk_10MHz   | uart_instance/uart_ip/inst/upg_inst/s_axi_wdata                                                                                     | uart_instance/uart_ip/inst/upg_inst/s_axi_wdata[6]_i_1_n_0                                                                                   |                3 |              4 |
|  cpu_clk_instance/cpu_wiz_clock/inst/clk_10MHz   |                                                                                                                                     | uart_instance/uart_ip/inst/upg_inst/axi_uart_inst/U0/UARTLITE_CORE_I/UARTLITE_TX_I/SRL_FIFO_I/I_SRL_FIFO_RBU_F/CNTR_INCR_DECR_ADDN_F_I/SS[0] |                2 |              6 |
|  cpu_clk_instance/cpu_wiz_clock/inst/clk_10MHz   |                                                                                                                                     | uart_instance/uart_ip/inst/upg_inst/axi_uart_inst/U0/UARTLITE_CORE_I/UARTLITE_RX_I/SRL_FIFO_I/I_SRL_FIFO_RBU_F/CNTR_INCR_DECR_ADDN_F_I/SS[0] |                2 |              6 |
|  cpu_clk_instance/cpu_wiz_clock/inst/clk_10MHz   | uart_instance/uart_ip/inst/upg_inst/axi_uart_inst/U0/AXI_LITE_IPIF_I/I_SLAVE_ATTACHMENT/I_DECODER/fifo_wr                           |                                                                                                                                              |                1 |              7 |
|  seg_instance/seg_clk_reg_n_0                    |                                                                                                                                     | rst_IBUF                                                                                                                                     |                4 |              7 |
|  cpu_clk_instance/cpu_wiz_clock/inst/clk_10MHz   | uart_instance/uart_ip/inst/upg_inst/msg_indx[7]_i_1_n_0                                                                             | uart_rst_IBUF                                                                                                                                |                3 |              8 |
|  cpu_clk_instance/cpu_wiz_clock/inst/clk_10MHz   | uart_instance/uart_ip/inst/upg_inst/axi_uart_inst/U0/AXI_LITE_IPIF_I/I_SLAVE_ATTACHMENT/s_axi_rdata_i                               | uart_instance/uart_ip/inst/upg_inst/axi_uart_inst/U0/AXI_LITE_IPIF_I/I_SLAVE_ATTACHMENT/rst                                                  |                3 |              8 |
|  cpu_clk_instance/cpu_wiz_clock/inst/clk_10MHz   | uart_instance/uart_ip/inst/upg_inst/axi_uart_inst/U0/UARTLITE_CORE_I/UARTLITE_RX_I/SRL_FIFO_I/I_SRL_FIFO_RBU_F/DYNSHREG_F_I/fifo_wr |                                                                                                                                              |                1 |              8 |
|  cpu_clk_instance/cpu_wiz_clock/inst/clk_10MHz   |                                                                                                                                     | uart_instance/uart_ip/inst/upg_inst/axi_uart_inst/U0/AXI_LITE_IPIF_I/I_SLAVE_ATTACHMENT/rst                                                  |                4 |              8 |
|  cpu_clk_instance/cpu_wiz_clock/inst/clk_23MHz   | io_instance/led_data0                                                                                                               | rst_IBUF                                                                                                                                     |                4 |              8 |
|  cpu_clk_instance/cpu_wiz_clock/inst/clk_23MHz   | io_instance/write_data[7]_i_1_n_0                                                                                                   |                                                                                                                                              |                5 |              8 |
|  uart_instance/uart_ip/inst/upg_inst/rdStat_BUFG | uart_instance/uart_ip/inst/upg_inst/s_axi_aresetn0                                                                                  | uart_rst_IBUF                                                                                                                                |                4 |              8 |
|  cpu_clk_instance/cpu_wiz_clock/inst/clk_10MHz   | uart_instance/uart_ip/inst/upg_inst/uart_rdat                                                                                       |                                                                                                                                              |                1 |              8 |
|  uart_instance/uart_ip/inst/upg_inst/rdStat_BUFG | uart_instance/uart_ip/inst/upg_inst/byte_len[7]_i_1_n_0                                                                             | uart_rst_IBUF                                                                                                                                |                2 |              9 |
|  cpu_clk_instance/cpu_wiz_clock/inst/clk_10MHz   | uart_instance/uart_ip/inst/upg_inst/axi_uart_inst/U0/UARTLITE_CORE_I/BAUD_RATE_I/en_16x_Baud                                        | uart_rst_IBUF                                                                                                                                |                2 |             10 |
|  cpu_clk_instance/cpu_wiz_clock/inst/clk_23MHz   | io_instance/sb_ack/E[0]                                                                                                             | rst_IBUF                                                                                                                                     |                8 |             11 |
|  cpu_clk_instance/cpu_wiz_clock/inst/clk_10MHz   | uart_instance/uart_ip/inst/upg_inst/wwait_cnt[15]_i_1_n_0                                                                           | uart_rst_IBUF                                                                                                                                |                4 |             16 |
|  cpu_clk_instance/cpu_wiz_clock/inst/clk_23MHz   | io_instance/sb1/last_reg[0][0]                                                                                                      | rst_IBUF                                                                                                                                     |                4 |             16 |
|  cpu_clk_instance/cpu_wiz_clock/inst/clk_10MHz   | uart_instance/uart_ip/inst/upg_inst/rwait_cnt[15]_i_1_n_0                                                                           | uart_rst_IBUF                                                                                                                                |                4 |             16 |
|  cpu_clk_instance/cpu_wiz_clock/inst/clk_10MHz   |                                                                                                                                     |                                                                                                                                              |                8 |             20 |
|  cpu_clk_instance/cpu_wiz_clock/inst/clk_23MHz   | io_instance/write_data[7]_i_1_n_0                                                                                                   | io_instance/write_data[31]_i_1_n_0                                                                                                           |               11 |             24 |
|  cpu_clk_instance/cpu_wiz_clock/inst/clk_23MHz   | if_instance/im/registers_reg[1][31][0]                                                                                              | rst_IBUF                                                                                                                                     |               13 |             32 |
|  cpu_clk_instance/cpu_wiz_clock/inst/clk_23MHz   | io_instance/sb1/E[0]                                                                                                                | rst_IBUF                                                                                                                                     |               13 |             32 |
|  cpu_clk_instance/cpu_wiz_clock/inst/clk_23MHz   | if_instance/im/registers_reg[21][0][0]                                                                                              | rst_IBUF                                                                                                                                     |               15 |             32 |
|  cpu_clk_instance/cpu_wiz_clock/inst/clk_23MHz   | if_instance/im/registers_reg[15][31][0]                                                                                             | rst_IBUF                                                                                                                                     |               17 |             32 |
|  cpu_clk_instance/cpu_wiz_clock/inst/clk_23MHz   | if_instance/im/registers_reg[11][31][0]                                                                                             | rst_IBUF                                                                                                                                     |               12 |             32 |
|  cpu_clk_instance/cpu_wiz_clock/inst/clk_23MHz   | if_instance/im/registers_reg[16][31][0]                                                                                             | rst_IBUF                                                                                                                                     |               13 |             32 |
|  cpu_clk_instance/cpu_wiz_clock/inst/clk_23MHz   | if_instance/im/registers_reg[27][31][0]                                                                                             | rst_IBUF                                                                                                                                     |               14 |             32 |
|  cpu_clk_instance/cpu_wiz_clock/inst/clk_23MHz   | if_instance/im/registers_reg[23][31][0]                                                                                             | rst_IBUF                                                                                                                                     |               18 |             32 |
|  cpu_clk_instance/cpu_wiz_clock/inst/clk_23MHz   | if_instance/im/registers_reg[10][31][0]                                                                                             | rst_IBUF                                                                                                                                     |               16 |             32 |
|  cpu_clk_instance/cpu_wiz_clock/inst/clk_23MHz   | if_instance/im/registers_reg[14][31][0]                                                                                             | rst_IBUF                                                                                                                                     |               11 |             32 |
|  cpu_clk_instance/cpu_wiz_clock/inst/clk_23MHz   | if_instance/im/registers_reg[12][31][0]                                                                                             | rst_IBUF                                                                                                                                     |                9 |             32 |
|  cpu_clk_instance/cpu_wiz_clock/inst/clk_23MHz   | if_instance/im/registers_reg[24][31][0]                                                                                             | rst_IBUF                                                                                                                                     |               14 |             32 |
|  cpu_clk_instance/cpu_wiz_clock/inst/clk_23MHz   | if_instance/im/registers_reg[19][31][0]                                                                                             | rst_IBUF                                                                                                                                     |               16 |             32 |
|  cpu_clk_instance/cpu_wiz_clock/inst/clk_23MHz   | if_instance/im/registers_reg[18][31][0]                                                                                             | rst_IBUF                                                                                                                                     |               13 |             32 |
|  cpu_clk_instance/cpu_wiz_clock/inst/clk_23MHz   | if_instance/im/registers_reg[17][31][0]                                                                                             | rst_IBUF                                                                                                                                     |               14 |             32 |
|  cpu_clk_instance/cpu_wiz_clock/inst/clk_23MHz   | if_instance/im/registers_reg[13][31][0]                                                                                             | rst_IBUF                                                                                                                                     |               13 |             32 |
|  cpu_clk_instance/cpu_wiz_clock/inst/clk_23MHz   | if_instance/im/registers_reg[28][31][0]                                                                                             | rst_IBUF                                                                                                                                     |               14 |             32 |
|  cpu_clk_instance/cpu_wiz_clock/inst/clk_23MHz   | if_instance/im/registers_reg[2][31][0]                                                                                              | rst_IBUF                                                                                                                                     |               18 |             32 |
| ~cpu_clk_instance/cpu_wiz_clock/inst/clk_46MHz   | vic_instance/epc_all[1][31]_i_1_n_0                                                                                                 |                                                                                                                                              |                9 |             32 |
|  cpu_clk_instance/cpu_wiz_clock/inst/clk_10MHz   | io_instance/sb10/cnt[0]_i_1__9_n_0                                                                                                  | rst_IBUF                                                                                                                                     |                8 |             32 |
|  cpu_clk_instance/cpu_wiz_clock/inst/clk_10MHz   | io_instance/sb0/cnt[0]_i_1_n_0                                                                                                      | rst_IBUF                                                                                                                                     |                8 |             32 |
|  cpu_clk_instance/cpu_wiz_clock/inst/clk_10MHz   | io_instance/sb1/cnt[0]_i_1__0_n_0                                                                                                   | rst_IBUF                                                                                                                                     |                8 |             32 |
|  cpu_clk_instance/cpu_wiz_clock/inst/clk_10MHz   | io_instance/sb4/cnt[0]_i_1__3_n_0                                                                                                   | rst_IBUF                                                                                                                                     |                8 |             32 |
|  cpu_clk_instance/cpu_wiz_clock/inst/clk_10MHz   | io_instance/sb11/cnt[0]_i_1__10_n_0                                                                                                 | rst_IBUF                                                                                                                                     |                8 |             32 |
|  cpu_clk_instance/cpu_wiz_clock/inst/clk_10MHz   | io_instance/sb12/cnt[0]_i_1__11_n_0                                                                                                 | rst_IBUF                                                                                                                                     |                8 |             32 |
|  cpu_clk_instance/cpu_wiz_clock/inst/clk_10MHz   | io_instance/sb13/cnt[0]_i_1__12_n_0                                                                                                 | rst_IBUF                                                                                                                                     |                8 |             32 |
|  cpu_clk_instance/cpu_wiz_clock/inst/clk_10MHz   | io_instance/sb14/cnt[0]_i_1__13_n_0                                                                                                 | rst_IBUF                                                                                                                                     |                8 |             32 |
|  cpu_clk_instance/cpu_wiz_clock/inst/clk_10MHz   | io_instance/sb15/cnt[0]_i_1__14_n_0                                                                                                 | rst_IBUF                                                                                                                                     |                8 |             32 |
|  cpu_clk_instance/cpu_wiz_clock/inst/clk_10MHz   | io_instance/sb2/cnt[0]_i_1__1_n_0                                                                                                   | rst_IBUF                                                                                                                                     |                8 |             32 |
|  cpu_clk_instance/cpu_wiz_clock/inst/clk_10MHz   | io_instance/sb3/cnt[0]_i_1__2_n_0                                                                                                   | rst_IBUF                                                                                                                                     |                8 |             32 |
|  cpu_clk_instance/cpu_wiz_clock/inst/clk_10MHz   | io_instance/sb5/cnt[0]_i_1__4_n_0                                                                                                   | rst_IBUF                                                                                                                                     |                8 |             32 |
|  cpu_clk_instance/cpu_wiz_clock/inst/clk_10MHz   | io_instance/sb6/cnt[0]_i_1__5_n_0                                                                                                   | rst_IBUF                                                                                                                                     |                8 |             32 |
|  cpu_clk_instance/cpu_wiz_clock/inst/clk_10MHz   | io_instance/sb7/cnt[0]_i_1__6_n_0                                                                                                   | rst_IBUF                                                                                                                                     |                8 |             32 |
|  cpu_clk_instance/cpu_wiz_clock/inst/clk_10MHz   | io_instance/sb8/cnt[0]_i_1__7_n_0                                                                                                   | rst_IBUF                                                                                                                                     |                8 |             32 |
|  cpu_clk_instance/cpu_wiz_clock/inst/clk_10MHz   | io_instance/sb9/cnt[0]_i_1__8_n_0                                                                                                   | rst_IBUF                                                                                                                                     |                8 |             32 |
|  cpu_clk_instance/cpu_wiz_clock/inst/clk_10MHz   | io_instance/sb_ack/cnt[0]_i_1__15_n_0                                                                                               | rst_IBUF                                                                                                                                     |                8 |             32 |
|  cpu_clk_instance/cpu_wiz_clock/inst/clk_23MHz   | io_instance/sb9/E[0]                                                                                                                | rst_IBUF                                                                                                                                     |               14 |             32 |
|  cpu_clk_instance/cpu_wiz_clock/inst/clk_23MHz   | if_instance/im/E[0]                                                                                                                 | rst_IBUF                                                                                                                                     |               15 |             32 |
|  cpu_clk_instance/cpu_wiz_clock/inst/clk_23MHz   | if_instance/im/registers_reg[30][31][0]                                                                                             | rst_IBUF                                                                                                                                     |                9 |             32 |
|  cpu_clk_instance/cpu_wiz_clock/inst/clk_23MHz   | if_instance/im/registers_reg[5][31][0]                                                                                              | rst_IBUF                                                                                                                                     |               12 |             32 |
|  cpu_clk_instance/cpu_wiz_clock/inst/clk_23MHz   | if_instance/im/registers_reg[3][31][0]                                                                                              | rst_IBUF                                                                                                                                     |               14 |             32 |
|  cpu_clk_instance/cpu_wiz_clock/inst/clk_23MHz   | if_instance/im/registers_reg[4][31][0]                                                                                              | rst_IBUF                                                                                                                                     |               17 |             32 |
|  cpu_clk_instance/cpu_wiz_clock/inst/clk_23MHz   | if_instance/im/registers_reg[8][31][0]                                                                                              | rst_IBUF                                                                                                                                     |               12 |             32 |
|  cpu_clk_instance/cpu_wiz_clock/inst/clk_23MHz   | if_instance/im/registers_reg[9][31][0]                                                                                              | rst_IBUF                                                                                                                                     |               15 |             32 |
|  cpu_clk_instance/cpu_wiz_clock/inst/clk_23MHz   | if_instance/im/registers_reg[7][31][0]                                                                                              | rst_IBUF                                                                                                                                     |               15 |             32 |
|  cpu_clk_instance/cpu_wiz_clock/inst/clk_23MHz   | if_instance/im/registers_reg[31][31][0]                                                                                             | rst_IBUF                                                                                                                                     |                9 |             32 |
|  cpu_clk_instance/cpu_wiz_clock/inst/clk_23MHz   | if_instance/im/registers_reg[6][31][0]                                                                                              | rst_IBUF                                                                                                                                     |               13 |             32 |
|  cpu_clk_instance/cpu_wiz_clock/inst/clk_23MHz   | if_instance/im/registers_reg[20][31][0]                                                                                             | rst_IBUF                                                                                                                                     |               11 |             32 |
|  cpu_clk_instance/cpu_wiz_clock/inst/clk_23MHz   | if_instance/im/registers_reg[26][31][0]                                                                                             | rst_IBUF                                                                                                                                     |               13 |             32 |
| ~cpu_clk_instance/cpu_wiz_clock/inst/clk_46MHz   | vic_instance/epc_all[3][31]_i_1_n_0                                                                                                 |                                                                                                                                              |                8 |             32 |
| ~cpu_clk_instance/cpu_wiz_clock/inst/clk_46MHz   | vic_instance/epc[31]_i_1_n_0                                                                                                        | rst_IBUF                                                                                                                                     |               10 |             32 |
| ~cpu_clk_instance/cpu_wiz_clock/inst/clk_46MHz   | vic_instance/epc_all[7][31]_i_1_n_0                                                                                                 |                                                                                                                                              |               11 |             32 |
|  cpu_clk_instance/cpu_wiz_clock/inst/clk_23MHz   | if_instance/im/registers_reg[29][31][0]                                                                                             | rst_IBUF                                                                                                                                     |               17 |             32 |
|  cpu_clk_instance/cpu_wiz_clock/inst/clk_23MHz   | if_instance/im/registers_reg[25][31][0]                                                                                             | rst_IBUF                                                                                                                                     |                9 |             32 |
|  cpu_clk_instance/cpu_wiz_clock/inst/clk_10MHz   |                                                                                                                                     | uart_rst_IBUF                                                                                                                                |               14 |             33 |
|  cpu_clk_instance/cpu_wiz_clock/inst/clk_23MHz   | io_instance/seg_data[31]_i_1_n_0                                                                                                    | rst_IBUF                                                                                                                                     |               15 |             35 |
|  uart_instance/uart_ip/inst/upg_inst/rdStat_BUFG | uart_instance/uart_ip/inst/upg_inst/byte_num                                                                                        | uart_rst_IBUF                                                                                                                                |                9 |             36 |
|  uart_instance/uart_ip/inst/upg_inst/rdStat_BUFG | uart_instance/uart_ip/inst/upg_inst/upg_adr_o[14]_i_1_n_0                                                                           | uart_rst_IBUF                                                                                                                                |               18 |             47 |
|  uart_instance/uart_ip/inst/upg_inst/rdStat_BUFG | uart_instance/uart_ip/inst/upg_inst/wr_byte_num_done                                                                                | uart_rst_IBUF                                                                                                                                |               15 |             49 |
|  cpu_clk_instance/cpu_wiz_clock/inst/clk_23MHz   |                                                                                                                                     | rst_IBUF                                                                                                                                     |               23 |             50 |
|  uart_instance/uart_ip/inst/upg_inst/rdStat_BUFG | uart_instance/uart_ip/inst/upg_inst/byte_cnt                                                                                        | uart_rst_IBUF                                                                                                                                |               15 |             56 |
|  cpu_clk_instance/cpu_wiz_clock/inst/clk_23MHz   | if_instance/im/lo_reg[31][0]                                                                                                        | rst_IBUF                                                                                                                                     |               37 |             64 |
| ~cpu_clk_instance/cpu_wiz_clock/inst/clk_23MHz   |                                                                                                                                     | rst_IBUF                                                                                                                                     |               32 |             80 |
|  cpu_clk_instance/cpu_wiz_clock/inst/clk_10MHz   |                                                                                                                                     | rst_IBUF                                                                                                                                     |               46 |             85 |
+--------------------------------------------------+-------------------------------------------------------------------------------------------------------------------------------------+----------------------------------------------------------------------------------------------------------------------------------------------+------------------+----------------+


+--------+-----------------------+
| Fanout | Number of ControlSets |
+--------+-----------------------+
| 1      |                     4 |
| 2      |                     3 |
| 3      |                     1 |
| 4      |                     9 |
| 6      |                     2 |
| 7      |                     2 |
| 8      |                     8 |
| 9      |                     1 |
| 10     |                     1 |
| 11     |                     1 |
| 16+    |                    69 |
+--------+-----------------------+


